============================= test session starts =============================
platform win32 -- Python 3.14.0, pytest-7.4.4, pluggy-1.6.0 -- C:\Python314\python.exe
cachedir: .pytest_cache
rootdir: C:\Github\rpgCore
collecting ... collected 19 items

tests/test_kinetic_alignment.py::TestSpaceShipComposition::test_spaceship_has_kinetic_entity ERROR [  5%]
tests/test_kinetic_alignment.py::TestSpaceShipComposition::test_position_delegates_to_kinetics ERROR [ 10%]
tests/test_kinetic_alignment.py::TestSpaceShipComposition::test_velocity_delegates_to_kinetics ERROR [ 15%]
tests/test_kinetic_alignment.py::TestSpaceShipComposition::test_heading_delegates_to_kinetics ERROR [ 21%]
tests/test_kinetic_alignment.py::TestSpaceShipComposition::test_heading_setter ERROR [ 26%]
tests/test_kinetic_alignment.py::TestSpaceShipComposition::test_genetics_maps_mass ERROR [ 31%]
tests/test_kinetic_alignment.py::TestSpaceShipComposition::test_genetics_maps_max_velocity ERROR [ 36%]
tests/test_kinetic_alignment.py::TestSpaceShipComposition::test_zero_drag_in_space ERROR [ 42%]
tests/test_kinetic_alignment.py::TestKineticPhysicsApplied::test_velocity_moves_position ERROR [ 47%]
tests/test_kinetic_alignment.py::TestKineticPhysicsApplied::test_thrust_applies_acceleration ERROR [ 52%]
tests/test_kinetic_alignment.py::TestKineticPhysicsApplied::test_toroidal_wrapping ERROR [ 57%]
tests/test_kinetic_alignment.py::TestFleetOperations::test_fleet_creation_uses_kinetic_entity ERROR [ 63%]
tests/test_kinetic_alignment.py::TestFleetOperations::test_fleet_positions_via_kinetics ERROR [ 68%]
tests/test_kinetic_alignment.py::TestFleetOperations::test_simulation_step_updates_positions ERROR [ 73%]
tests/test_kinetic_alignment.py::TestFleetOperations::test_reset_clears_velocity ERROR [ 78%]
tests/test_kinetic_alignment.py::TestVFXRelocation::test_particle_effects_import PASSED [ 84%]
tests/test_kinetic_alignment.py::TestVFXRelocation::test_exhaust_system_import PASSED [ 89%]
tests/test_kinetic_alignment.py::TestVFXRelocation::test_package_level_import PASSED [ 94%]
tests/test_kinetic_alignment.py::TestVFXRelocation::test_old_location_removed PASSED [100%]

=================================== ERRORS ====================================
_ ERROR at setup of TestSpaceShipComposition.test_spaceship_has_kinetic_entity _
tests\test_kinetic_alignment.py:35: in genome
    from apps.space.ship_genetics import ShipGenome
src\apps\space\ship_genetics.py:9: in <module>
    from apps.rpg.logic.ship_genetics import (  # noqa: F401
src\apps\rpg\__init__.py:16: in <module>
    from .world_engine import (
src\apps\rpg\world_engine.py:28: in <module>
    from foundation.utils import AssetLoader, ObjectRegistry
src\foundation\utils\__init__.py:28: in <module>
    from .asset_loader import AssetLoader, ObjectRegistry, AssetDefinition
E   ModuleNotFoundError: No module named 'foundation.utils.asset_loader'
---------------------------- Captured stderr setup ----------------------------
2026-02-10 21:16:04.089 | ERROR    | foundation.utils.logger:auto_initialize:336 - Failed to initialize logging: name 'get_environment' is not defined
2026-02-10 21:16:04.089 | ERROR    | foundation.utils.logger:auto_initialize:336 - Failed to initialize logging: name 'get_environment' is not defined
_ ERROR at setup of TestSpaceShipComposition.test_position_delegates_to_kinetics _
tests\test_kinetic_alignment.py:35: in genome
    from apps.space.ship_genetics import ShipGenome
src\apps\space\ship_genetics.py:9: in <module>
    from apps.rpg.logic.ship_genetics import (  # noqa: F401
src\apps\rpg\__init__.py:16: in <module>
    from .world_engine import (
src\apps\rpg\world_engine.py:28: in <module>
    from foundation.utils import AssetLoader, ObjectRegistry
src\foundation\utils\__init__.py:28: in <module>
    from .asset_loader import AssetLoader, ObjectRegistry, AssetDefinition
E   ModuleNotFoundError: No module named 'foundation.utils.asset_loader'
_ ERROR at setup of TestSpaceShipComposition.test_velocity_delegates_to_kinetics _
tests\test_kinetic_alignment.py:35: in genome
    from apps.space.ship_genetics import ShipGenome
src\apps\space\ship_genetics.py:9: in <module>
    from apps.rpg.logic.ship_genetics import (  # noqa: F401
src\apps\rpg\__init__.py:16: in <module>
    from .world_engine import (
src\apps\rpg\world_engine.py:28: in <module>
    from foundation.utils import AssetLoader, ObjectRegistry
src\foundation\utils\__init__.py:28: in <module>
    from .asset_loader import AssetLoader, ObjectRegistry, AssetDefinition
E   ModuleNotFoundError: No module named 'foundation.utils.asset_loader'
_ ERROR at setup of TestSpaceShipComposition.test_heading_delegates_to_kinetics _
tests\test_kinetic_alignment.py:35: in genome
    from apps.space.ship_genetics import ShipGenome
src\apps\space\ship_genetics.py:9: in <module>
    from apps.rpg.logic.ship_genetics import (  # noqa: F401
src\apps\rpg\__init__.py:16: in <module>
    from .world_engine import (
src\apps\rpg\world_engine.py:28: in <module>
    from foundation.utils import AssetLoader, ObjectRegistry
src\foundation\utils\__init__.py:28: in <module>
    from .asset_loader import AssetLoader, ObjectRegistry, AssetDefinition
E   ModuleNotFoundError: No module named 'foundation.utils.asset_loader'
_______ ERROR at setup of TestSpaceShipComposition.test_heading_setter ________
tests\test_kinetic_alignment.py:35: in genome
    from apps.space.ship_genetics import ShipGenome
src\apps\space\ship_genetics.py:9: in <module>
    from apps.rpg.logic.ship_genetics import (  # noqa: F401
src\apps\rpg\__init__.py:16: in <module>
    from .world_engine import (
src\apps\rpg\world_engine.py:28: in <module>
    from foundation.utils import AssetLoader, ObjectRegistry
src\foundation\utils\__init__.py:28: in <module>
    from .asset_loader import AssetLoader, ObjectRegistry, AssetDefinition
E   ModuleNotFoundError: No module named 'foundation.utils.asset_loader'
_____ ERROR at setup of TestSpaceShipComposition.test_genetics_maps_mass ______
tests\test_kinetic_alignment.py:35: in genome
    from apps.space.ship_genetics import ShipGenome
src\apps\space\ship_genetics.py:9: in <module>
    from apps.rpg.logic.ship_genetics import (  # noqa: F401
src\apps\rpg\__init__.py:16: in <module>
    from .world_engine import (
src\apps\rpg\world_engine.py:28: in <module>
    from foundation.utils import AssetLoader, ObjectRegistry
src\foundation\utils\__init__.py:28: in <module>
    from .asset_loader import AssetLoader, ObjectRegistry, AssetDefinition
E   ModuleNotFoundError: No module named 'foundation.utils.asset_loader'
_ ERROR at setup of TestSpaceShipComposition.test_genetics_maps_max_velocity __
tests\test_kinetic_alignment.py:35: in genome
    from apps.space.ship_genetics import ShipGenome
src\apps\space\ship_genetics.py:9: in <module>
    from apps.rpg.logic.ship_genetics import (  # noqa: F401
src\apps\rpg\__init__.py:16: in <module>
    from .world_engine import (
src\apps\rpg\world_engine.py:28: in <module>
    from foundation.utils import AssetLoader, ObjectRegistry
src\foundation\utils\__init__.py:28: in <module>
    from .asset_loader import AssetLoader, ObjectRegistry, AssetDefinition
E   ModuleNotFoundError: No module named 'foundation.utils.asset_loader'
_____ ERROR at setup of TestSpaceShipComposition.test_zero_drag_in_space ______
tests\test_kinetic_alignment.py:35: in genome
    from apps.space.ship_genetics import ShipGenome
src\apps\space\ship_genetics.py:9: in <module>
    from apps.rpg.logic.ship_genetics import (  # noqa: F401
src\apps\rpg\__init__.py:16: in <module>
    from .world_engine import (
src\apps\rpg\world_engine.py:28: in <module>
    from foundation.utils import AssetLoader, ObjectRegistry
src\foundation\utils\__init__.py:28: in <module>
    from .asset_loader import AssetLoader, ObjectRegistry, AssetDefinition
E   ModuleNotFoundError: No module named 'foundation.utils.asset_loader'
__ ERROR at setup of TestKineticPhysicsApplied.test_velocity_moves_position ___
tests\test_kinetic_alignment.py:93: in genome
    from apps.space.ship_genetics import ShipGenome
src\apps\space\ship_genetics.py:9: in <module>
    from apps.rpg.logic.ship_genetics import (  # noqa: F401
src\apps\rpg\__init__.py:16: in <module>
    from .world_engine import (
src\apps\rpg\world_engine.py:28: in <module>
    from foundation.utils import AssetLoader, ObjectRegistry
src\foundation\utils\__init__.py:28: in <module>
    from .asset_loader import AssetLoader, ObjectRegistry, AssetDefinition
E   ModuleNotFoundError: No module named 'foundation.utils.asset_loader'
_ ERROR at setup of TestKineticPhysicsApplied.test_thrust_applies_acceleration _
tests\test_kinetic_alignment.py:93: in genome
    from apps.space.ship_genetics import ShipGenome
src\apps\space\ship_genetics.py:9: in <module>
    from apps.rpg.logic.ship_genetics import (  # noqa: F401
src\apps\rpg\__init__.py:16: in <module>
    from .world_engine import (
src\apps\rpg\world_engine.py:28: in <module>
    from foundation.utils import AssetLoader, ObjectRegistry
src\foundation\utils\__init__.py:28: in <module>
    from .asset_loader import AssetLoader, ObjectRegistry, AssetDefinition
E   ModuleNotFoundError: No module named 'foundation.utils.asset_loader'
_____ ERROR at setup of TestKineticPhysicsApplied.test_toroidal_wrapping ______
tests\test_kinetic_alignment.py:93: in genome
    from apps.space.ship_genetics import ShipGenome
src\apps\space\ship_genetics.py:9: in <module>
    from apps.rpg.logic.ship_genetics import (  # noqa: F401
src\apps\rpg\__init__.py:16: in <module>
    from .world_engine import (
src\apps\rpg\world_engine.py:28: in <module>
    from foundation.utils import AssetLoader, ObjectRegistry
src\foundation\utils\__init__.py:28: in <module>
    from .asset_loader import AssetLoader, ObjectRegistry, AssetDefinition
E   ModuleNotFoundError: No module named 'foundation.utils.asset_loader'
_ ERROR at setup of TestFleetOperations.test_fleet_creation_uses_kinetic_entity _
tests\test_kinetic_alignment.py:138: in runner
    from apps.space.space_voyager_engine import SpaceVoyagerEngineRunner
src\apps\space\space_voyager_engine.py:20: in <module>
    from .ship_genetics import ShipGenome, HullType, WeaponType, EngineType
src\apps\space\ship_genetics.py:9: in <module>
    from apps.rpg.logic.ship_genetics import (  # noqa: F401
src\apps\rpg\__init__.py:16: in <module>
    from .world_engine import (
src\apps\rpg\world_engine.py:28: in <module>
    from foundation.utils import AssetLoader, ObjectRegistry
src\foundation\utils\__init__.py:28: in <module>
    from .asset_loader import AssetLoader, ObjectRegistry, AssetDefinition
E   ModuleNotFoundError: No module named 'foundation.utils.asset_loader'
___ ERROR at setup of TestFleetOperations.test_fleet_positions_via_kinetics ___
tests\test_kinetic_alignment.py:138: in runner
    from apps.space.space_voyager_engine import SpaceVoyagerEngineRunner
src\apps\space\space_voyager_engine.py:20: in <module>
    from .ship_genetics import ShipGenome, HullType, WeaponType, EngineType
src\apps\space\ship_genetics.py:9: in <module>
    from apps.rpg.logic.ship_genetics import (  # noqa: F401
src\apps\rpg\__init__.py:16: in <module>
    from .world_engine import (
src\apps\rpg\world_engine.py:28: in <module>
    from foundation.utils import AssetLoader, ObjectRegistry
src\foundation\utils\__init__.py:28: in <module>
    from .asset_loader import AssetLoader, ObjectRegistry, AssetDefinition
E   ModuleNotFoundError: No module named 'foundation.utils.asset_loader'
_ ERROR at setup of TestFleetOperations.test_simulation_step_updates_positions _
tests\test_kinetic_alignment.py:138: in runner
    from apps.space.space_voyager_engine import SpaceVoyagerEngineRunner
src\apps\space\space_voyager_engine.py:20: in <module>
    from .ship_genetics import ShipGenome, HullType, WeaponType, EngineType
src\apps\space\ship_genetics.py:9: in <module>
    from apps.rpg.logic.ship_genetics import (  # noqa: F401
src\apps\rpg\__init__.py:16: in <module>
    from .world_engine import (
src\apps\rpg\world_engine.py:28: in <module>
    from foundation.utils import AssetLoader, ObjectRegistry
src\foundation\utils\__init__.py:28: in <module>
    from .asset_loader import AssetLoader, ObjectRegistry, AssetDefinition
E   ModuleNotFoundError: No module named 'foundation.utils.asset_loader'
______ ERROR at setup of TestFleetOperations.test_reset_clears_velocity _______
tests\test_kinetic_alignment.py:138: in runner
    from apps.space.space_voyager_engine import SpaceVoyagerEngineRunner
src\apps\space\space_voyager_engine.py:20: in <module>
    from .ship_genetics import ShipGenome, HullType, WeaponType, EngineType
src\apps\space\ship_genetics.py:9: in <module>
    from apps.rpg.logic.ship_genetics import (  # noqa: F401
src\apps\rpg\__init__.py:16: in <module>
    from .world_engine import (
src\apps\rpg\world_engine.py:28: in <module>
    from foundation.utils import AssetLoader, ObjectRegistry
src\foundation\utils\__init__.py:28: in <module>
    from .asset_loader import AssetLoader, ObjectRegistry, AssetDefinition
E   ModuleNotFoundError: No module named 'foundation.utils.asset_loader'
============================== warnings summary ===============================
src\engines\body\dispatcher.py:46
  C:\Github\rpgCore\src\engines\body\dispatcher.py:46: PydanticDeprecatedSince20: Support for class-based `config` is deprecated, use ConfigDict instead. Deprecated in Pydantic V2.0 to be removed in V3.0. See Pydantic V2 Migration Guide at https://errors.pydantic.dev/2.12/migration/
    class RenderPacket(BaseModel):

src\engines\kernel\models.py:68
  C:\Github\rpgCore\src\engines\kernel\models.py:68: PydanticDeprecatedSince20: Pydantic V1 style `@validator` validators are deprecated. You should migrate to Pydantic V2 style `@field_validator` validators, see the migration guide for more details. Deprecated in Pydantic V2.0 to be removed in V3.0. See Pydantic V2 Migration Guide at https://errors.pydantic.dev/2.12/migration/
    @validator('layers', pre=True)

src\engines\kernel\models.py:75
  C:\Github\rpgCore\src\engines\kernel\models.py:75: PydanticDeprecatedSince20: Pydantic V1 style `@validator` validators are deprecated. You should migrate to Pydantic V2 style `@field_validator` validators, see the migration guide for more details. Deprecated in Pydantic V2.0 to be removed in V3.0. See Pydantic V2 Migration Guide at https://errors.pydantic.dev/2.12/migration/
    @validator('hud', pre=True)

src\engines\kernel\models.py:57
  C:\Github\rpgCore\src\engines\kernel\models.py:57: PydanticDeprecatedSince20: Support for class-based `config` is deprecated, use ConfigDict instead. Deprecated in Pydantic V2.0 to be removed in V3.0. See Pydantic V2 Migration Guide at https://errors.pydantic.dev/2.12/migration/
    class RenderPacket(BaseModel):

src\engines\kernel\models.py:157
  C:\Github\rpgCore\src\engines\kernel\models.py:157: PydanticDeprecatedSince20: Using extra keyword arguments on `Field` is deprecated and will be removed. Use `json_schema_extra` instead. (Extra keys: 'e'). Deprecated in Pydantic V2.0 to be removed in V3.0. See Pydantic V2 Migration Guide at https://errors.pydantic.dev/2.12/migration/
    emissivity: float = Field(default=0.0, ge=0.0, e=1.0, description="Emissivity coefficient")

src\engines\kernel\models.py:173
  C:\Github\rpgCore\src\engines\kernel\models.py:173: PydanticDeprecatedSince20: Pydantic V1 style `@validator` validators are deprecated. You should migrate to Pydantic V2 style `@field_validator` validators, see the migration guide for more details. Deprecated in Pydantic V2.0 to be removed in V3.0. See Pydantic V2 Migration Guide at https://errors.pydantic.dev/2.12/migration/
    @validator('accent_color')

src\engines\kernel\models.py:139
  C:\Github\rpgCore\src\engines\kernel\models.py:139: PydanticDeprecatedSince20: Support for class-based `config` is deprecated, use ConfigDict instead. Deprecated in Pydantic V2.0 to be removed in V3.0. See Pydantic V2 Migration Guide at https://errors.pydantic.dev/2.12/migration/
    class MaterialAsset(BaseModel):

src\engines\kernel\models.py:208
  C:\Github\rpgCore\src\engines\kernel\models.py:208: PydanticDeprecatedSince20: Support for class-based `config` is deprecated, use ConfigDict instead. Deprecated in Pydantic V2.0 to be removed in V3.0. See Pydantic V2 Migration Guide at https://errors.pydantic.dev/2.12/migration/
    class EntityBlueprint(BaseModel):

src\engines\kernel\models.py:292
  C:\Github\rpgCore\src\engines\kernel\models.py:292: PydanticDeprecatedSince20: Support for class-based `config` is deprecated, use ConfigDict instead. Deprecated in Pydantic V2.0 to be removed in V3.0. See Pydantic V2 Migration Guide at https://errors.pydantic.dev/2.12/migration/
    class StoryFragment(BaseModel):

src\engines\kernel\models.py:524
  C:\Github\rpgCore\src\engines\kernel\models.py:524: PydanticDeprecatedSince20: Pydantic V1 style `@validator` validators are deprecated. You should migrate to Pydantic V2 style `@field_validator` validators, see the migration guide for more details. Deprecated in Pydantic V2.0 to be removed in V3.0. See Pydantic V2 Migration Guide at https://errors.pydantic.dev/2.12/migration/
    @validator('window_width', 'window_height')

src\engines\kernel\models.py:531
  C:\Github\rpgCore\src\engines\kernel\models.py:531: PydanticDeprecatedSince20: Pydantic V1 style `@validator` validators are deprecated. You should migrate to Pydantic V2 style `@field_validator` validators, see the migration guide for more details. Deprecated in Pydantic V2.0 to be removed in V3.0. See Pydantic V2 Migration Guide at https://errors.pydantic.dev/2.12/migration/
    @validator('ppu_scale')

src\engines\kernel\models.py:496
  C:\Github\rpgCore\src\engines\kernel\models.py:496: PydanticDeprecatedSince20: Support for class-based `config` is deprecated, use ConfigDict instead. Deprecated in Pydantic V2.0 to be removed in V3.0. See Pydantic V2 Migration Guide at https://errors.pydantic.dev/2.12/migration/
    class ViewportLayout(BaseModel):

src\engines\kernel\models.py:582
  C:\Github\rpgCore\src\engines\kernel\models.py:582: PydanticDeprecatedSince20: Support for class-based `config` is deprecated, use ConfigDict instead. Deprecated in Pydantic V2.0 to be removed in V3.0. See Pydantic V2 Migration Guide at https://errors.pydantic.dev/2.12/migration/
    class ScaleBucket(BaseModel):

src\engines\kernel\models.py:635
  C:\Github\rpgCore\src\engines\kernel\models.py:635: PydanticDeprecatedSince20: Support for class-based `config` is deprecated, use ConfigDict instead. Deprecated in Pydantic V2.0 to be removed in V3.0. See Pydantic V2 Migration Guide at https://errors.pydantic.dev/2.12/migration/
    class OverlayComponent(BaseModel):

-- Docs: https://docs.pytest.org/en/stable/how-to/capture-warnings.html
=========================== short test summary info ===========================
ERROR tests/test_kinetic_alignment.py::TestSpaceShipComposition::test_spaceship_has_kinetic_entity
ERROR tests/test_kinetic_alignment.py::TestSpaceShipComposition::test_position_delegates_to_kinetics
ERROR tests/test_kinetic_alignment.py::TestSpaceShipComposition::test_velocity_delegates_to_kinetics
ERROR tests/test_kinetic_alignment.py::TestSpaceShipComposition::test_heading_delegates_to_kinetics
ERROR tests/test_kinetic_alignment.py::TestSpaceShipComposition::test_heading_setter
ERROR tests/test_kinetic_alignment.py::TestSpaceShipComposition::test_genetics_maps_mass
ERROR tests/test_kinetic_alignment.py::TestSpaceShipComposition::test_genetics_maps_max_velocity
ERROR tests/test_kinetic_alignment.py::TestSpaceShipComposition::test_zero_drag_in_space
ERROR tests/test_kinetic_alignment.py::TestKineticPhysicsApplied::test_velocity_moves_position
ERROR tests/test_kinetic_alignment.py::TestKineticPhysicsApplied::test_thrust_applies_acceleration
ERROR tests/test_kinetic_alignment.py::TestKineticPhysicsApplied::test_toroidal_wrapping
ERROR tests/test_kinetic_alignment.py::TestFleetOperations::test_fleet_creation_uses_kinetic_entity
ERROR tests/test_kinetic_alignment.py::TestFleetOperations::test_fleet_positions_via_kinetics
ERROR tests/test_kinetic_alignment.py::TestFleetOperations::test_simulation_step_updates_positions
ERROR tests/test_kinetic_alignment.py::TestFleetOperations::test_reset_clears_velocity
================== 4 passed, 14 warnings, 15 errors in 1.33s ==================
